20:24:35 **** Incremental Build of configuration Debug for project ADC_BARE ****
make -j8 all 
arm-none-eabi-gcc "../Core/Src/main.c" -mcpu=cortex-m4 -std=gnu11 -g3 -DDEBUG -DUSE_HAL_DRIVER -DSTM32L476xx -c -I../Core/Inc -I../Drivers/STM32L4xx_HAL_Driver/Inc -I../Drivers/STM32L4xx_HAL_Driver/Inc/Legacy -I../Drivers/CMSIS/Device/ST/STM32L4xx/Include -I../Drivers/CMSIS/Include -O0 -ffunction-sections -fdata-sections -Wall -fstack-usage -fcyclomatic-complexity -MMD -MP -MF"Core/Src/main.d" -MT"Core/Src/main.o" --specs=nano.specs -mfpu=fpv4-sp-d16 -mfloat-abi=hard -mthumb -o "Core/Src/main.o"
arm-none-eabi-gcc -o "ADC_BARE.elf" @"objects.list"   -mcpu=cortex-m4 -T"C:\Users\artur\Desktop\ADC_WITH_DMA_STM32\ADC_BARE\STM32L476RGTX_FLASH.ld" --specs=nosys.specs -Wl,-Map="ADC_BARE.map" -Wl,--gc-sections -static --specs=nano.specs -mfpu=fpv4-sp-d16 -mfloat-abi=hard -mthumb -Wl,--start-group -lc -lm -Wl,--end-group
Finished building target: ADC_BARE.elf
 
arm-none-eabi-size   ADC_BARE.elf 
arm-none-eabi-objdump -h -S  ADC_BARE.elf  > "ADC_BARE.list"
   text	   data	    bss	    dec	    hex	filename
  12240	     20	   1700	  13960	   3688	ADC_BARE.elf
Finished building: default.size.stdout
 
Finished building: ADC_BARE.list
 

20:24:37 Build Finished. 0 errors, 0 warnings. (took 1s.222ms)

